// Jest Snapshot v1, https://goo.gl/fbAQLP

exports[`FilmsList screen renders correctly 1`] = `
<div
  className="catalog__movies-list"
>
  <article
    className="small-movie-card catalog__movies-card"
    onMouseEnter={[Function]}
    onMouseLeave={[Function]}
  >
    <div
      className="small-movie-card__image"
    >
      <video
        height={175}
        loop={true}
        muted={true}
        poster="fantastic-beasts-the-crimes-of-grindelwald.jpg"
        src="https://download.blender.org/durian/trailer/sintel_trailer-480p.mp4"
        width={280}
      />
    </div>
    <h3
      className="small-movie-card__title"
    >
      <a
        className="small-movie-card__link"
        href="movie-page.html"
        onClick={[MockFunction]}
      >
        Fantastic Beasts: The Crimes of Grindelwald
      </a>
    </h3>
  </article>
  <article
    className="small-movie-card catalog__movies-card"
    onMouseEnter={[Function]}
    onMouseLeave={[Function]}
  >
    <div
      className="small-movie-card__image"
    >
      <video
        height={175}
        loop={true}
        muted={true}
        poster="bohemian-rhapsody.jpg"
        src="https://upload.wikimedia.org/wikipedia/commons/transcoded/b/b3/Big_Buck_Bunny_Trailer_400p.ogv/Big_Buck_Bunny_Trailer_400p.ogv.360p.webm"
        width={280}
      />
    </div>
    <h3
      className="small-movie-card__title"
    >
      <a
        className="small-movie-card__link"
        href="movie-page.html"
        onClick={[MockFunction]}
      >
        Bohemian Rhapsody
      </a>
    </h3>
  </article>
  <article
    className="small-movie-card catalog__movies-card"
    onMouseEnter={[Function]}
    onMouseLeave={[Function]}
  >
    <div
      className="small-movie-card__image"
    >
      <video
        height={175}
        loop={true}
        muted={true}
        poster="macbeth.jpg"
        src="https://download.blender.org/durian/trailer/sintel_trailer-480p.mp4"
        width={280}
      />
    </div>
    <h3
      className="small-movie-card__title"
    >
      <a
        className="small-movie-card__link"
        href="movie-page.html"
        onClick={[MockFunction]}
      >
        Macbeth
      </a>
    </h3>
  </article>
  <article
    className="small-movie-card catalog__movies-card"
    onMouseEnter={[Function]}
    onMouseLeave={[Function]}
  >
    <div
      className="small-movie-card__image"
    >
      <video
        height={175}
        loop={true}
        muted={true}
        poster="aviator.jpg"
        src="https://upload.wikimedia.org/wikipedia/commons/transcoded/b/b3/Big_Buck_Bunny_Trailer_400p.ogv/Big_Buck_Bunny_Trailer_400p.ogv.360p.webm"
        width={280}
      />
    </div>
    <h3
      className="small-movie-card__title"
    >
      <a
        className="small-movie-card__link"
        href="movie-page.html"
        onClick={[MockFunction]}
      >
        Aviator
      </a>
    </h3>
  </article>
  <article
    className="small-movie-card catalog__movies-card"
    onMouseEnter={[Function]}
    onMouseLeave={[Function]}
  >
    <div
      className="small-movie-card__image"
    >
      <video
        height={175}
        loop={true}
        muted={true}
        poster="we-need-to-talk-about-kevin.jpg"
        src="https://download.blender.org/durian/trailer/sintel_trailer-480p.mp4"
        width={280}
      />
    </div>
    <h3
      className="small-movie-card__title"
    >
      <a
        className="small-movie-card__link"
        href="movie-page.html"
        onClick={[MockFunction]}
      >
        We need to talk about Kevin
      </a>
    </h3>
  </article>
  <article
    className="small-movie-card catalog__movies-card"
    onMouseEnter={[Function]}
    onMouseLeave={[Function]}
  >
    <div
      className="small-movie-card__image"
    >
      <video
        height={175}
        loop={true}
        muted={true}
        poster="what-we-do-in-the-shadows.jpg"
        src="https://download.blender.org/durian/trailer/sintel_trailer-480p.mp4"
        width={280}
      />
    </div>
    <h3
      className="small-movie-card__title"
    >
      <a
        className="small-movie-card__link"
        href="movie-page.html"
        onClick={[MockFunction]}
      >
        What We Do in the Shadows
      </a>
    </h3>
  </article>
</div>
`;
